
> presensi-cssa@0.1.0 build
> next build

   ▲ Next.js 14.1.0
   - Environments: .env.local

   Creating an optimized production build ...
 ✓ Compiled successfully
   Linting and checking validity of types ...

./src/app/absence-request/page.tsx
332:25  Warning: Using `<img>` could result in slower LCP and higher bandwidth. Consider using `<Image />` from `next/image` to automatically optimize images. This may incur additional usage or cost from your provider. See: https://nextjs.org/docs/messages/no-img-element  @next/next/no-img-element

./src/app/admin/page.tsx
100:6  Warning: React Hook useEffect has missing dependencies: 'fetchMeetings' and 'loadModels'. Either include them or remove the dependency array.  react-hooks/exhaustive-deps
309:6  Warning: React Hook useEffect has a missing dependency: 'refreshQRToken'. Either include it or remove the dependency array.  react-hooks/exhaustive-deps
1425:29  Warning: Using `<img>` could result in slower LCP and higher bandwidth. Consider using `<Image />` from `next/image` to automatically optimize images. This may incur additional usage or cost from your provider. See: https://nextjs.org/docs/messages/no-img-element  @next/next/no-img-element
1571:29  Warning: Using `<img>` could result in slower LCP and higher bandwidth. Consider using `<Image />` from `next/image` to automatically optimize images. This may incur additional usage or cost from your provider. See: https://nextjs.org/docs/messages/no-img-element  @next/next/no-img-element
1837:25  Warning: Using `<img>` could result in slower LCP and higher bandwidth. Consider using `<Image />` from `next/image` to automatically optimize images. This may incur additional usage or cost from your provider. See: https://nextjs.org/docs/messages/no-img-element  @next/next/no-img-element

./src/app/analytics/page.tsx
91:6  Warning: React Hook useEffect has a missing dependency: 'fetchAnalyticsData'. Either include it or remove the dependency array.  react-hooks/exhaustive-deps

./src/app/attend/[meetingId]/page.tsx
350:6  Warning: React Hook useCallback has a missing dependency: 'neutralFaceDetected'. Either include it or remove the dependency array.  react-hooks/exhaustive-deps

info  - Need to disable some ESLint rules? Learn more here: https://nextjs.org/docs/basic-features/eslint#disabling-rules
